// Jest Snapshot v1, https://goo.gl/fbAQLP

exports[`<AppBody /> should render as expected 1`] = `
<Styled(div)>
  <Styled(div)>
    <Message
      alignment="right"
      key="b03569ae-ccbf-4975-8040-4daba638b407"
      message={
        Object {
          "avatar": "http://dummyimage.com/100x100.bmp/5fa2dd/ffffff",
          "email": "lowensm@earthlink.net",
          "fullName": "Larry Owens",
          "message": "Integer a nibh. In quis justo. Maecenas rhoncus aliquam lacus.",
          "messageId": "b03569ae-ccbf-4975-8040-4daba638b407",
          "timestamp": "2016-11-09T05:04:58Z",
          "userId": "16373df5-da0a-4074-8295-f916b94269f4",
        }
      }
    />
  </Styled(div)>
  <MembersArea
    members={
      Array [
        Object {
          "avatar": null,
          "email": "abakera@craigslist.org",
          "firstName": "Amanda",
          "id": "73f30d93-f87b-45ea-bda5-60fa4b3716b5",
          "ip": "82.87.241.19",
          "lastName": "Baker",
          "messageCount": 3,
        },
      ]
    }
  />
</Styled(div)>
`;
