// Jest Snapshot v1, https://goo.gl/fbAQLP

exports[`<AppBody /> should render as expected 1`] = `
<Styled(div)>
  <Styled(div)>
    <Message
      alignment="right"
      key="b03569ae-ccbf-4975-8040-4daba638b407"
      message={
        Object {
          "avatar": "http://dummyimage.com/100x100.bmp/5fa2dd/ffffff",
          "email": "lowensm@earthlink.net",
          "fullName": "Larry Owens",
          "message": "Integer a nibh. In quis justo. Maecenas rhoncus aliquam lacus.",
          "messageId": "b03569ae-ccbf-4975-8040-4daba638b407",
          "timestamp": "2016-11-09T05:04:58Z",
          "userId": "16373df5-da0a-4074-8295-f916b94269f4",
        }
      }
    />
    <Message
      alignment="right"
      key="094ab12e-d823-406f-a926-27b6310bacf0"
      message={
        Object {
          "avatar": "http://dummyimage.com/100x100.bmp/5fa2dd/ffffff",
          "email": "lowensm@earthlink.net",
          "fullName": "Larry Owens",
          "message": "Blah blah blah. More blah and blah blah blah",
          "messageId": "094ab12e-d823-406f-a926-27b6310bacf0",
          "timestamp": "2016-11-09T05:10:58Z",
          "userId": "16373df5-da0a-4074-8295-f916b94269f4",
        }
      }
    />
    <Message
      alignment="left"
      key="6c466ec9-8238-4c96-ae4d-d2e594606d35"
      message={
        Object {
          "avatar": "http://dummyimage.com/100x100.bmp/5fa2dd/ffffff",
          "email": "lowensm@earthlink.net",
          "fullName": "Larry Owens",
          "message": "Lorem ipsum dolor sit amet, consetetur sadipscing elitr, sed diam nonumy eirmod tempor invidunt ut labore et dolore magna aliquyam erat, sed diam voluptua",
          "messageId": "6c466ec9-8238-4c96-ae4d-d2e594606d35",
          "timestamp": "2016-11-09T05:06:58Z",
          "userId": "73f30d93-f87b-45ea-bda5-60fa4b3716b5",
        }
      }
    />
    <Message
      alignment="right"
      key="4dd1b2c7-59e6-4cd5-904d-24d87e83ddb1"
      message={
        Object {
          "avatar": null,
          "email": "example@mail.com",
          "fullName": "Example Message",
          "message": "Lorem ipsum",
          "messageId": "4dd1b2c7-59e6-4cd5-904d-24d87e83ddb1",
          "timestamp": "2016-11-09T05:06:58Z",
          "userId": "4dd1d32c7-59w6-4cd5-904d-24d87233ddb1",
        }
      }
    />
  </Styled(div)>
  <MembersArea
    clearActiveMember={[MockFunction]}
    fetchData={
      [MockFunction] {
        "calls": Array [
          Array [],
        ],
      }
    }
    makeActiveMember={[MockFunction]}
    members={
      Array [
        Object {
          "avatar": null,
          "email": "abakera@craigslist.org",
          "firstName": "Amanda",
          "id": "73f30d93-f87b-45ea-bda5-60fa4b3716b5",
          "ip": "82.87.241.19",
          "lastName": "Baker",
          "messageCount": 3,
        },
        Object {
          "avatar": "http://dummyimage.com/100x100.bmp/5fa2dd/ffffff",
          "email": "larry@owens.org",
          "firstName": "Larry",
          "id": "16373df5-da0a-4074-8295-f916b94269f4",
          "ip": "82.87.241.19",
          "lastName": "Owens",
          "messageCount": 2,
        },
      ]
    }
  />
</Styled(div)>
`;
