// Jest Snapshot v1, https://goo.gl/fbAQLP

exports[`<Message /> should render email on hover 1`] = `
.emotion-0 {
  -webkit-order: 2;
  -ms-flex-order: 2;
  order: 2;
  margin-left: 1rem;
  display: -webkit-box;
  display: -webkit-flex;
  display: -ms-flexbox;
  display: flex;
  -webkit-flex-direction: column;
  -ms-flex-direction: column;
  flex-direction: column;
  -webkit-box-pack: center;
  -webkit-justify-content: center;
  -ms-flex-pack: center;
  justify-content: center;
  -webkit-align-items: center;
  -webkit-box-align: center;
  -ms-flex-align: center;
  align-items: center;
  position: relative;
}

.emotion-0:before {
  content: "lowensm@earthlink.net";
  position: absolute;
  background: #1F2B49;
  padding: 0.5rem;
  display: -webkit-box;
  display: -webkit-flex;
  display: -ms-flexbox;
  display: flex;
  font-size: 0.75rem;
  color: white;
  border-radius: 0.2rem;
  cursor: pointer;
  top: -0.5rem;
  opacity: 0;
  -webkit-transition: opacity 0.5s ease;
  transition: opacity 0.5s ease;
}

.emotion-0:hover:before {
  opacity: 1;
}

<Styled(div)
  alignment="right"
  email="lowensm@earthlink.net"
>
  <div
    className="emotion-0"
  />
</Styled(div)>
`;

exports[`<Message /> should render email on hover 2`] = `
.emotion-0 {
  -webkit-order: 2;
  -ms-flex-order: 2;
  order: 2;
  margin-left: 1rem;
  display: -webkit-box;
  display: -webkit-flex;
  display: -ms-flexbox;
  display: flex;
  -webkit-flex-direction: column;
  -ms-flex-direction: column;
  flex-direction: column;
  -webkit-box-pack: center;
  -webkit-justify-content: center;
  -ms-flex-pack: center;
  justify-content: center;
  -webkit-align-items: center;
  -webkit-box-align: center;
  -ms-flex-align: center;
  align-items: center;
  position: relative;
}

.emotion-0:before {
  content: "lowensm@earthlink.net";
  position: absolute;
  background: #1F2B49;
  padding: 0.5rem;
  display: -webkit-box;
  display: -webkit-flex;
  display: -ms-flexbox;
  display: flex;
  font-size: 0.75rem;
  color: white;
  border-radius: 0.2rem;
  cursor: pointer;
  top: -0.5rem;
  opacity: 0;
  -webkit-transition: opacity 0.5s ease;
  transition: opacity 0.5s ease;
}

.emotion-0:hover:before {
  opacity: 1;
}

<Styled(div)
  alignment="right"
  email="lowensm@earthlink.net"
>
  <div
    className="emotion-0"
  />
</Styled(div)>
`;
